package memoryservice

import (
	"encoding/xml"
	"github.com/fiorix/wsdl2go/soap"
)

// Namespace was auto-generated from WSDL.
var Namespace = "http://localhost:8080/EchoService.wsdl"

// Get was auto-generated from WSDL.
func Get(cli soap.RoundTripper, α string) (β *GetResponse, err error) {
	γ := struct {
		XMLName xml.Name `xml:"Envelope"`
		Body    struct {
			M GetResponse `xml:"GetResponse"`
		}
	}{}
	if err = cli.RoundTrip(α, &γ); err != nil {
		return &GetResponse{}, err
	}
	return &γ.Body.M, nil
}

// Set was auto-generated from WSDL.
func Set(cli soap.RoundTripper, α *SetRequest) (β bool, err error) {
	γ := struct {
		XMLName xml.Name `xml:"Envelope"`
		Body    struct {
			M bool `xml:"bool"`
		}
	}{}
	if err = cli.RoundTrip(α, &γ); err != nil {
		return false, err
	}
	return γ.Body.M, nil
}

// GetMulti was auto-generated from WSDL.
func GetMulti(cli soap.RoundTripper, α *GetMultiRequest) (β *GetMultiResponse, err error) {
	γ := struct {
		XMLName xml.Name `xml:"Envelope"`
		Body    struct {
			M GetMultiResponse `xml:"GetMultiResponse"`
		}
	}{}
	if err = cli.RoundTrip(α, &γ); err != nil {
		return &GetMultiResponse{}, err
	}
	return &γ.Body.M, nil
}

// Duration in WSDL format.
type Duration string

// GetMultiRequest was auto-generated from WSDL.
type GetMultiRequest struct {
	XMLName xml.Name `xml:"ns:GetMultiRequest"`
	Keys    []string `xml:"Keys"`
}

// GetMultiResponse was auto-generated from WSDL.
type GetMultiResponse struct {
	Values []*GetResponse `xml:"Values,omitempty"`
}

// GetResponse carries value and TTL.
type GetResponse struct {
	Value string   `xml:"Value,omitempty"`
	TTL   Duration `xml:"TTL,omitempty"`
}

// SetRequest carries a key-value pair.
type SetRequest struct {
	XMLName    xml.Name `xml:"ns:SetRequest"`
	Key        string   `xml:"Key"`
	Value      string   `xml:"Value"`
	Expiration Duration `xml:"Expiration,omitempty"`
}
