package internal

import (
	"errors"

	"golang.org/x/net/context"
)

// SetTerm was auto-generated from WSDL.
func SetTerm(ctx context.Context, term string, value string) (err error) {
	return errors.New("not implemented")
}
