package stockquotesoapbinding

import (
	"encoding/xml"

	"github.com/fiorix/wsdl2go/soap"
)

// Namespace was auto-generated from WSDL.
var Namespace = "http://example.com/stockquote.wsdl"

// GetLastTradePrice was auto-generated from WSDL.
func GetLastTradePrice(cli soap.RoundTripper, α *TradePriceRequest) (β *TradePriceResponse, err error) {
	γ := struct {
		XMLName xml.Name `xml:"Envelope"`
		Body    struct {
			M TradePriceResponse `xml:"TradePriceResponse"`
		}
	}{}
	if err = cli.RoundTrip(α, &γ); err != nil {
		return nil, err
	}
	return &γ.Body.M, nil
}

// TradePriceRequest was auto-generated from WSDL.
type TradePriceRequest struct {
	XMLName      xml.Name `xml:"ns:TradePriceRequest" json:"-" yaml:"-"`
	TickerSymbol string   `xml:"tickerSymbol,omitempty" json:"tickerSymbol,omitempty" yaml:"tickerSymbol,omitempty"`
}

// TradePriceResponse was auto-generated from WSDL.
type TradePriceResponse struct {
	Price float64 `xml:"price,omitempty" json:"price,omitempty" yaml:"price,omitempty"`
}
